// Jest Snapshot v1, https://goo.gl/fbAQLP

exports[`The tagList render as expected 1`] = `
<div>
  <code>
    css
  </code>
  <code>
    html
  </code>
  <code>
    shift
  </code>
</div>
`;
